---
source: src/worker/jobs/rss/sync_crate_feed.rs
expression: "updates.iter().map(|u| &u.version).collect::<Vec<_>>()"
---
[
    "1.3.20",
    "1.3.19",
    "1.3.18",
    "1.3.17",
    "1.3.16",
    "1.3.15",
    "1.3.14",
    "1.3.13",
    "1.3.12",
    "1.3.11",
    "1.3.10",
    "1.3.9",
    "1.3.8",
    "1.3.7",
    "1.3.6",
    "1.3.5",
    "1.3.4",
    "1.3.3",
    "1.3.2",
    "1.3.1",
]
