---
source: src/tests/krate/publish/validation.rs
expression: response.json()
snapshot_kind: text
---
{
  "errors": [
    {
      "detail": "invalid character `☃` in crate name: `snow☃`, characters must be an ASCII alphanumeric characters, `-`, or `_`"
    }
  ]
}
