---
source: src/tests/routes/categories/list.rs
expression: json
---
{
  "categories": [],
  "meta": {
    "total": 0
  }
}
