---
source: src/tests/routes/users/update/publish_notifications.rs
expression: app.emails_snapshot().await
---
To: foo@example.com
From: crates.io <noreply@crates.io>
Subject: crates.io: Successfully published foo@1.0.0
Content-Type: text/plain; charset=utf-8
Content-Transfer-Encoding: quoted-printable


Hello foo!

A new version of foo crate was published by your account (https://crates.io/users/foo) at [0000-00-00T00:00:00Z].

View v1.0.0 here: https://crates.io/crates/foo/1.0.0

If you have questions or security concerns, you can contact us at help@crates.io. If you would like to stop receiving these security notifications, you can disable them in your account settings.

--
The crates.io Team
----------------------------------------

To: foo@example.com
From: crates.io <noreply@crates.io>
Subject: crates.io: Unsubscribed from publish notifications
Content-Type: text/plain; charset=utf-8
Content-Transfer-Encoding: quoted-printable


Hello foo!

You have been unsubscribed from publish notifications.

If you would like to resubscribe, please visit https://crates.io/settings/profile.

--
The crates.io Team
