---
source: src/tests/routes/me/tokens/list.rs
expression: response.json()
---
{
  "api_tokens": [
    {
      "crate_scopes": [
        "serde",
        "serde-*"
      ],
      "created_at": "[datetime]",
      "endpoint_scopes": [
        "publish-update"
      ],
      "expired_at": null,
      "id": "[id]",
      "last_used_at": "[datetime]",
      "name": "baz"
    },
    {
      "crate_scopes": null,
      "created_at": "[datetime]",
      "endpoint_scopes": null,
      "expired_at": null,
      "id": "[id]",
      "last_used_at": "[datetime]",
      "name": "bar"
    }
  ]
}
