---
source: src/tests/routes/me/tokens/create.rs
expression: response.json()
---
{
  "api_token": {
    "crate_scopes": [
      "tokio",
      "tokio-*"
    ],
    "created_at": "[datetime]",
    "endpoint_scopes": [
      "publish-update"
    ],
    "expired_at": null,
    "id": "[id]",
    "last_used_at": "[datetime]",
    "name": "bar",
    "token": "[token]"
  }
}
