---
source: crates/crates_io_tarball/src/lib.rs
expression: tarball_info.manifest.bin
snapshot_kind: text
---
[
    Product {
        path: Some(
            "src/main.rs",
        ),
        name: Some(
            "foo",
        ),
        test: true,
        doctest: true,
        bench: true,
        doc: true,
        plugin: false,
        proc_macro: false,
        harness: true,
        edition: None,
        required_features: [],
        crate_type: Some(
            [
                "bin",
            ],
        ),
    },
]
