---
source: src/index.rs
expression: metadata
snapshot_kind: text
---
[
  {
    "name": "foo",
    "vers": "0.1.0",
    "deps": [],
    "cksum": "                                                                ",
    "features": {},
    "yanked": false
  }
]
